
     | | | | | | |
   _________________
  -|               |-
  -|               |-
  -|               |-
  -|    CYPRESS    |-
  -|               |-
  -|               |-   Warp VHDL Synthesis Compiler: Version 6.3 IR 35
  -|               |-   Copyright (C) 1991-2001 Cypress Semiconductor
   |_______________|
     | | | | | | |

======================================================================
Compiling:  secuencia.vhd
Options:    -yu -e10 -w100 -o0 -ygs -fP -v10 -yw -dc22v10 -ppalc22v10d-15pc -b secuencia.vhd -u secuencia.hie
======================================================================

vhdlfe V6.3 IR 35:  VHDL parser
Sat Jun 16 12:45:59 2018

Library 'work' => directory 'lc22v10'
Linking 'C:\Archivos de programa\Cypress\Warp\bin\std.vhd'.
Linking 'C:\Archivos de programa\Cypress\Warp\lib\common\cypress.vhd'.
Linking 'C:\Archivos de programa\Cypress\Warp\lib\common\work\cypress.vif'.
Library 'ieee' => directory 'C:\Archivos de programa\Cypress\Warp\lib\ieee\work'
Linking 'C:\Archivos de programa\Cypress\Warp\lib\ieee\work\stdlogic.vif'.
Linking 'C:\Archivos de programa\Cypress\Warp\lib\ieee\work\syntocyp.vif'.
Linking 'C:\Archivos de programa\Cypress\Warp\lib\ieee\work\synusgnd.vif'.

vhdlfe:  No errors.


tovif V6.3 IR 35:  High-level synthesis
Sat Jun 16 12:45:59 2018

Linking 'C:\Archivos de programa\Cypress\Warp\bin\std.vhd'.
Linking 'C:\Archivos de programa\Cypress\Warp\lib\common\cypress.vhd'.
Linking 'C:\Archivos de programa\Cypress\Warp\lib\common\work\cypress.vif'.
Linking 'C:\Archivos de programa\Cypress\Warp\lib\ieee\work\stdlogic.vif'.
Linking 'C:\Archivos de programa\Cypress\Warp\lib\ieee\work\syntocyp.vif'.
Linking 'C:\Archivos de programa\Cypress\Warp\lib\ieee\work\synusgnd.vif'.

tovif:  No errors.


topld V6.3 IR 35:  Synthesis and optimization
Sat Jun 16 12:45:59 2018

Linking 'C:\Archivos de programa\Cypress\Warp\bin\std.vhd'.
Linking 'C:\Archivos de programa\Cypress\Warp\lib\common\cypress.vhd'.
Linking 'C:\Archivos de programa\Cypress\Warp\lib\common\work\cypress.vif'.
Linking 'C:\Archivos de programa\Cypress\Warp\lib\ieee\work\stdlogic.vif'.
Linking 'C:\Archivos de programa\Cypress\Warp\lib\ieee\work\syntocyp.vif'.
Linking 'C:\Archivos de programa\Cypress\Warp\lib\ieee\work\synusgnd.vif'.
State variable 'pre' is represented by a Bit_vector (0 to 2).
State encoding (sequential) for 'pre' is:
	a :=	b"000";
	b :=	b"001";
	c :=	b"010";
	d :=	b"011";
	e :=	b"100";
	f :=	b"101";
	g :=	b"110";
	muerto :=	b"111";
secuencia.vhd (line 24, col 11):  Warning: (W507) No synchronous entry to state 'g' of 'pre'.
State variable 'fut' is represented by a Bit_vector (0 to 2).
State encoding (sequential) for 'fut' is:
	a :=	b"000";
	b :=	b"001";
	c :=	b"010";
	d :=	b"011";
	e :=	b"100";
	f :=	b"101";
	g :=	b"110";
	muerto :=	b"111";
topld:  secuencia.vhd:  (E443) Unresolved signal 'futSBV_0' has more than one driver.
topld:  secuencia.vhd:  (E463) 'futSBV_0' -- Can't handle registered multi driver.
topld:  secuencia.vhd:  (E443) Unresolved signal 'preSBV_0' has more than one driver.
topld:  secuencia.vhd:  (E463) 'preSBV_0' -- Can't handle registered multi driver.
topld:  secuencia.vhd:  (E443) Unresolved signal 'preSBV_1' has more than one driver.
topld:  secuencia.vhd:  (E463) 'preSBV_1' -- Can't handle registered multi driver.
topld:  secuencia.vhd:  (E443) Unresolved signal 'preSBV_2' has more than one driver.
topld:  secuencia.vhd:  (E463) 'preSBV_2' -- Can't handle registered multi driver.
topld:  secuencia.vhd:  (E463) 'salidae_0' -- Can't handle registered multi driver.
topld:  secuencia.vhd:  (E443) Unresolved signal 'futSBV_1' has more than one driver.
topld:  secuencia.vhd:  (E463) 'futSBV_1' -- Can't handle registered multi driver.
topld:  secuencia.vhd:  Abort:  (E46) Error limit (10) exceeded
