
     | | | | | | |
   _________________
  -|               |-
  -|               |-
  -|               |-
  -|    CYPRESS    |-
  -|               |-
  -|               |-   Warp VHDL Synthesis Compiler: Version 6.3 IR 35
  -|               |-   Copyright (C) 1991-2001 Cypress Semiconductor
   |_______________|
     | | | | | | |

======================================================================
Compiling:  contns.vhd
Options:    -m -yu -e10 -w100 -o2 -ygs -fP -v10 -yw -dc22v10 -ppalc22v10d-15pc -b contns.vhd -u contns.hie
======================================================================

vhdlfe V6.3 IR 35:  VHDL parser
Wed May 16 18:52:32 2018

Library 'work' => directory 'lc22v10'
Linking 'C:\Archivos de programa\Cypress\Warp\bin\std.vhd'.
Linking 'C:\Archivos de programa\Cypress\Warp\lib\common\cypress.vhd'.
Linking 'C:\Archivos de programa\Cypress\Warp\lib\common\work\cypress.vif'.
Library 'ieee' => directory 'C:\Archivos de programa\Cypress\Warp\lib\ieee\work'
Linking 'C:\Archivos de programa\Cypress\Warp\lib\ieee\work\stdlogic.vif'.

vhdlfe:  No errors.


tovif V6.3 IR 35:  High-level synthesis
Wed May 16 18:52:32 2018

Linking 'C:\Archivos de programa\Cypress\Warp\bin\std.vhd'.
Linking 'C:\Archivos de programa\Cypress\Warp\lib\common\cypress.vhd'.
Linking 'C:\Archivos de programa\Cypress\Warp\lib\common\work\cypress.vif'.
Linking 'C:\Archivos de programa\Cypress\Warp\lib\ieee\work\stdlogic.vif'.

tovif:  No errors.


topld V6.3 IR 35:  Synthesis and optimization
Wed May 16 18:52:32 2018

Linking 'C:\Archivos de programa\Cypress\Warp\bin\std.vhd'.
Linking 'C:\Archivos de programa\Cypress\Warp\lib\common\cypress.vhd'.
Linking 'C:\Archivos de programa\Cypress\Warp\lib\common\work\cypress.vif'.
Linking 'C:\Archivos de programa\Cypress\Warp\lib\ieee\work\stdlogic.vif'.

----------------------------------------------------------
Detecting unused logic.
----------------------------------------------------------



------------------------------------------------------
Alias Detection
------------------------------------------------------

------------------------------------------------------
Aliased 0 equations, 13 wires.
------------------------------------------------------

----------------------------------------------------------
Circuit simplification
----------------------------------------------------------

----------------------------------------------------------
Circuit simplification results:

	Expanded 0 signals.
	Turned 0 signals into soft nodes.
	Maximum default expansion cost was set at 10.
----------------------------------------------------------
Created 31 PLD nodes.

topld:  No errors.

----------------------------------------------------------------------------
PLD Optimizer Software:       DSGNOPT.EXE    31/03/2000  [v4.02 ] 6.3 IR 35

DESIGN HEADER INFORMATION  (18:52:33)

Input File(s): contns.pla
Device       : C22V10
Package      : palc22v10d-15pc
ReportFile   : contns.rpt

Program Controls:
    COMMAND LANGUAGE_VHDL 
    COMMAND PROPERTY BUS_HOLD ENABLE 

Signal Requests:
    GROUP USEPOL ALL
    GROUP SLOW_SLEW ALL

Completed Successfully  
----------------------------------------------------------------------------
PLD Optimizer Software:       DSGNOPT.EXE    31/03/2000  [v4.02 ] 6.3 IR 35

OPTIMIZATION OPTIONS       (18:52:33)

Messages:
  Information: Process virtual '\display(0)D\'\display(0)D\ ... expanded.
  Information: Process virtual '\display(1)D\'\display(1)D\ ... expanded.
  Information: Process virtual '\display(2)D\'\display(2)D\ ... expanded.
  Information: Process virtual '\display(3)D\'\display(3)D\ ... expanded.
  Information: Process virtual '\display(4)D\'\display(4)D\ ... expanded.
  Information: Process virtual '\display(5)D\'\display(5)D\ ... expanded.
  Information: Process virtual '\display(6)D\'\display(6)D\ ... expanded.
  Information: Optimizing logic using best output polarity for signals:
         display(0).D display(1).D display(2).D display(3).D display(5).D
         display(6).D

  Information: Selected logic optimization OFF for signals:
         display(0).AP display(0).C display(1).AP display(1).C display(2).AP
         display(2).C display(3).AP display(3).C display(4).D display(4).AP
         display(4).C display(5).AP display(5).C display(6).AP display(6).C



Summary:
                 Error Count = 0      Warning Count = 0

Completed Successfully  
----------------------------------------------------------------------------
PLD Optimizer Software:       MINOPT.EXE     01/NOV/1999  [v4.02 ] 6.3 IR 35

LOGIC MINIMIZATION         ()

Messages:


Summary:
                 Error Count = 0      Warning Count = 0

Completed Successfully
----------------------------------------------------------------------------
PLD Optimizer Software:       DSGNOPT.EXE    31/03/2000  [v4.02 ] 6.3 IR 35

OPTIMIZATION OPTIONS       (18:52:33)

Messages:
  Information: Optimizing Banked Preset/Reset requirements.
  Information: Selecting D register equation as minimal for signal display(5)
  Information: Selecting D register equation as minimal for signal display(0)
  Information: Inverting Preset/Reset & output logic polarity for display(2).
  Information: Selecting D register equation as minimal for signal display(2)
  Information: Inverting Preset/Reset & output logic polarity for display(3).
  Information: Selecting D register equation as minimal for signal display(3)
  Information: Inverting Preset/Reset & output logic polarity for display(6).
  Information: Selecting D register equation as minimal for signal display(6)
  Information: Inverting Preset/Reset & output logic polarity for display(4).
  Information: Selecting D register equation as minimal for signal display(4)
  Information: Inverting Preset/Reset & output logic polarity for display(1).
  Information: Selecting D register equation as minimal for signal display(1)
  Information: Optimizing logic without changing polarity for signals:
         display(0).D display(1).D display(2).D display(3).D display(4).D
         display(5).D display(6).D

  Information: Selected logic optimization OFF for signals:
         display(0).AR display(0).SP display(0).C display(1).AR display(1).SP
         display(1).C display(2).AR display(2).SP display(2).C display(3).AR
         display(3).SP display(3).C display(4).AR display(4).SP display(4).C
         display(5).AR display(5).SP display(5).C display(6).AR display(6).SP
         display(6).C



Summary:
                 Error Count = 0      Warning Count = 0

Completed Successfully  
----------------------------------------------------------------------------
PLD Optimizer Software:       MINOPT.EXE     01/NOV/1999  [v4.02 ] 6.3 IR 35

LOGIC MINIMIZATION         ()

Messages:


Summary:
                 Error Count = 0      Warning Count = 0

Completed Successfully
----------------------------------------------------------------------------
PLD Optimizer Software:       DSGNOPT.EXE    31/03/2000  [v4.02 ] 6.3 IR 35

OPTIMIZATION OPTIONS       (18:52:34)

Messages:


Summary:
                 Error Count = 0      Warning Count = 0

Completed Successfully  
----------------------------------------------------------------------------
PLD Compiler Software:        PLA2JED.EXE    31/03/2000  [v4.02 ] 6.3 IR 35

<CYPRESSTAG name="Equations" icon=FILE_RPT_EQUATION>
DESIGN EQUATIONS           (18:52:34)
</CYPRESSTAG>

    /display(0).D =
          c * display(0).Q * /display(1).Q * /display(2).Q * display(3).Q * 
          display(4).Q * display(5).Q * display(6).Q 
        + /c * display(0).Q * display(1).Q * display(2).Q * /display(3).Q * 
          /display(4).Q * /display(5).Q * display(6).Q 
        + /c * display(0).Q * /display(1).Q * /display(2).Q * display(3).Q * 
          /display(4).Q * /display(5).Q * /display(6).Q 
        + c * /display(0).Q * display(1).Q * display(2).Q * /display(3).Q * 
          /display(4).Q * /display(5).Q * /display(6).Q 

    display(0).AR =
          clr 

    display(0).SP =
          GND

    display(0).C =
          clk 

    /display(1).D =
          /c * display(4).Q 
        + c * /display(0).Q 
        + /display(3).Q * display(5).Q 
        + display(3).Q * /display(4).Q 
        + display(0).Q * /display(5).Q 
        + display(2).Q 
        + display(1).Q 
        + /display(6).Q 

    display(1).AR =
          clr 

    display(1).SP =
          GND

    display(1).C =
          clk 

    /display(2).D =
          c * /display(2).Q * /display(4).Q 
        + display(1).Q * display(6).Q 
        + /c * display(5).Q 
        + /display(0).Q * display(3).Q 
        + /display(1).Q * display(2).Q 
        + /display(3).Q * display(4).Q 
        + display(0).Q * /display(5).Q 
        + display(5).Q * /display(6).Q 
        + /c * /display(6).Q 

    display(2).AR =
          clr 

    display(2).SP =
          GND

    display(2).C =
          clk 

    /display(3).D =
          /display(0).Q * /display(1).Q * /display(2).Q * /display(3).Q * 
          /display(4).Q * /display(5).Q * display(6).Q 
        + display(0).Q * /display(1).Q * /display(2).Q * display(3).Q * 
          /display(4).Q * /display(5).Q * /display(6).Q 
        + c * display(6).Q 
        + c * display(4).Q 
        + c * display(3).Q 
        + c * display(2).Q 
        + c * display(1).Q 
        + c * /display(0).Q 
        + c * /display(5).Q 

    display(3).AR =
          clr 

    display(3).SP =
          GND

    display(3).C =
          clk 

    /display(4).D =
          display(6).Q 
        + display(4).Q 
        + display(3).Q 
        + display(2).Q 
        + display(1).Q 
        + /c 
        + /display(0).Q 
        + /display(5).Q 

    display(4).AR =
          clr 

    display(4).SP =
          GND

    display(4).C =
          clk 

    /display(5).D =
          display(0).Q * /display(1).Q * /display(2).Q * display(3).Q * 
          display(4).Q * display(5).Q * display(6).Q 
        + /c 

    display(5).AR =
          clr 

    display(5).SP =
          GND

    display(5).C =
          clk 

    /display(6).D =
          /c * /display(3).Q * /display(6).Q 
        + display(3).Q * display(5).Q 
        + display(0).Q * display(6).Q 
        + /display(0).Q * display(5).Q 
        + /display(0).Q * display(3).Q 
        + c * /display(5).Q 
        + display(4).Q 
        + display(2).Q 
        + display(1).Q 

    display(6).AR =
          clr 

    display(6).SP =
          GND

    display(6).C =
          clk 


Completed Successfully  
----------------------------------------------------------------------------
PLD Compiler Software:        PLA2JED.EXE    31/03/2000  [v4.02 ] 6.3 IR 35

DESIGN RULE CHECK          (18:52:34)

Messages:
                 None.


Summary:
                 Error Count = 0      Warning Count = 0

Completed Successfully  
----------------------------------------------------------------------------
PLD Compiler Software:        PLA2JED.EXE    31/03/2000  [v4.02 ] 6.3 IR 35

<CYPRESSTAG name="Pinout" icon=FILE_RPT_PINOUT>
PINOUT INFORMATION   (18:52:34)
</CYPRESSTAG>
Messages:
  Information: All signals pre-placed in user design.


                                 C22V10
                 __________________________________________
            clk =| 1|                                  |24|* not used       
            clr =| 2|                                  |23|* not used       
              c =| 3|                                  |22|= display(2)     
       not used *| 4|                                  |21|* not used       
       not used *| 5|                                  |20|= display(5)     
       not used *| 6|                                  |19|= display(3)     
       not used *| 7|                                  |18|= display(6)     
       not used *| 8|                                  |17|= display(4)     
       not used *| 9|                                  |16|* not used       
       not used *|10|                                  |15|= display(0)     
       not used *|11|                                  |14|= display(1)     
       not used *|12|                                  |13|* not used       
                 __________________________________________


Summary:
                 Error Count = 0      Warning Count = 0

Completed Successfully  
  Information: Checking for duplicate NODE logic.
----------------------------------------------------------------------------
PLD Compiler Software:        PLA2JED.EXE    31/03/2000  [v4.02 ] 6.3 IR 35

<CYPRESSTAG name="Utilization" icon=FILE_RPT_UTILIZATION>
RESOURCE UTILIZATION (18:52:34)
</CYPRESSTAG>
  Information: Macrocell Utilization.

                     Description        Used     Max
                 ______________________________________
                 | Dedicated Inputs   |    2  |   11  |
                 | Clock/Inputs       |    1  |    1  |
                 | I/O Macrocells     |    7  |   10  |
                 ______________________________________
                                          10  /   22   = 45  %


  Information: Output Logic Product Term Utilization.

                  Node#  Output Signal Name  Used   Max
                 ________________________________________
                 | 14  |  display(1)      |   8  |   8  |
                 | 15  |  display(0)      |   4  |  10  |
                 | 16  |  Unused          |   0  |  12  |
                 | 17  |  display(4)      |   8  |  14  |
                 | 18  |  display(6)      |   9  |  16  |
                 | 19  |  display(3)      |   9  |  16  |
                 | 20  |  display(5)      |   2  |  14  |
                 | 21  |  Unused          |   0  |  12  |
                 | 22  |  display(2)      |   9  |  10  |
                 | 23  |  Unused          |   0  |   8  |
                 | 25  |  Unused          |   0  |   1  |
                 ________________________________________
                                             49  / 121   = 40  %


Completed Successfully  
----------------------------------------------------------------------------
PLD Compiler Software:        PLA2JED.EXE    31/03/2000  [v4.02 ] 6.3 IR 35

JEDEC ASSEMBLE             (18:52:34)

Messages:
  Information: Output file 'contns.pin' created.
  Information: Output file 'contns.jed' created.

  Usercode:    
  Checksum:    2273



Summary:
                 Error Count = 0      Warning Count = 0

Completed Successfully at 18:52:34
